
> deadlock-dashboard@1.0.0 start
> react-scripts start

[32m✔[0m [33mConsole Ninja[0m extension is connected to [33mWebpack[0m, see [36mhttps://tinyurl.com/2vt8jxzw[0m
Starting the development server...

Compiled successfully!

You can now view deadlock-dashboard in the browser.

  Local:            http://localhost:3000/Deadlock_Online_Shopping
  On Your Network:  http://192.168.56.1:3000/Deadlock_Online_Shopping

Note that the development build is not optimized.
To create a production build, use npm run build.

webpack compiled [1m[32msuccessfully[39m[22m
Compiling...
Compiled successfully!
webpack compiled [1m[32msuccessfully[39m[22m
Compiling...
Compiled successfully!
webpack compiled [1m[32msuccessfully[39m[22m
Compiling...
Compiled successfully!
webpack compiled [1m[32msuccessfully[39m[22m
Compiling...
Compiled successfully!
webpack compiled [1m[32msuccessfully[39m[22m
Compiling...
Compiled successfully!
webpack compiled [1m[32msuccessfully[39m[22m
